---
source: tests/tui_autofixup_confirm.rs
expression: "harness.render(|frame|\n{\n    views::commit_list::render(&mut app, frame);\n    views::autofixup::render_autofixup_confirm(&mut app, frame);\n})"
---
Buffer {
    area: Rect { x: 0, y: 0, width: 80, height: 24 },
    content: [
        "SHA        Title                                                                ",
        "abc123de   Add parser                                                           ",
        "def456gh   fixup! Add parser                                                    ",
        "                                                                                ",
        "     ┌ Confirm Autofixup ─────────────────────────────────────────────────┐     ",
        "     │                                                                    │     ",
        "     │ Squash 3 commit(s) into 2 target(s)?                               │     ",
        "     │                                                                    │     ",
        "     │ ↑/↓ to select a target, r to edit its final message:               │     ",
        "     │                                                                    │     ",
        "     │  abc123de Add parser                                               │     ",
        "     │    11111111  fixup!                                                │     ",
        "     │    22222222  fixup!                                                │     ",
        "     │▸ 44444444 Add lexer                                                │     ",
        "     │    33333333  squash!                                               │     ",
        "     │                                                                    │     ",
        "     │             Enter Confirm   r Edit message   Esc Cancel            │     ",
        "     │                                                                    │     ",
        "     └────────────────────────────────────────────────────────────────────┘     ",
        "                                                                                ",
        "                                                                                ",
        "                                                                                ",
        "                                                                                ",
        " abc123def456 2/2                                            Press 'h' for help ",
    ],
    styles: [
        x: 0, y: 0, fg: White, bg: Green, underline: Reset, modifier: NONE,
        x: 0, y: 1, fg: Reset, bg: Reset, underline: Reset, modifier: REVERSED,
        x: 8, y: 1, fg: Reset, bg: Reset, underline: Reset, modifier: NONE,
        x: 11, y: 1, fg: Reset, bg: Reset, underline: Reset, modifier: REVERSED,
        x: 21, y: 1, fg: Reset, bg: Reset, underline: Reset, modifier: NONE,
        x: 5, y: 4, fg: Yellow, bg: Black, underline: Reset, modifier: NONE,
        x: 75, y: 4, fg: Reset, bg: Reset, underline: Reset, modifier: NONE,
        x: 5, y: 5, fg: Yellow, bg: Black, underline: Reset, modifier: NONE,
        x: 6, y: 5, fg: Reset, bg: Black, underline: Reset, modifier: NONE,
        x: 74, y: 5, fg: Yellow, bg: Black, underline: Reset, modifier: NONE,
        x: 75, y: 5, fg: Reset, bg: Reset, underline: Reset, modifier: NONE,
        x: 5, y: 6, fg: Yellow, bg: Black, underline: Reset, modifier: NONE,
        x: 6, y: 6, fg: Yellow, bg: Black, underline: Reset, modifier: BOLD,
        x: 43, y: 6, fg: Reset, bg: Black, underline: Reset, modifier: NONE,
        x: 74, y: 6, fg: Yellow, bg: Black, underline: Reset, modifier: NONE,
        x: 75, y: 6, fg: Reset, bg: Reset, underline: Reset, modifier: NONE,
        x: 5, y: 7, fg: Yellow, bg: Black, underline: Reset, modifier: NONE,
        x: 6, y: 7, fg: Reset, bg: Black, underline: Reset, modifier: NONE,
        x: 74, y: 7, fg: Yellow, bg: Black, underline: Reset, modifier: NONE,
        x: 75, y: 7, fg: Reset, bg: Reset, underline: Reset, modifier: NONE,
        x: 5, y: 8, fg: Yellow, bg: Black, underline: Reset, modifier: NONE,
        x: 6, y: 8, fg: DarkGray, bg: Black, underline: Reset, modifier: NONE,
        x: 59, y: 8, fg: Reset, bg: Black, underline: Reset, modifier: NONE,
        x: 74, y: 8, fg: Yellow, bg: Black, underline: Reset, modifier: NONE,
        x: 75, y: 8, fg: Reset, bg: Reset, underline: Reset, modifier: NONE,
        x: 5, y: 9, fg: Yellow, bg: Black, underline: Reset, modifier: NONE,
        x: 6, y: 9, fg: Reset, bg: Black, underline: Reset, modifier: NONE,
        x: 74, y: 9, fg: Yellow, bg: Black, underline: Reset, modifier: NONE,
        x: 75, y: 9, fg: Reset, bg: Reset, underline: Reset, modifier: NONE,
        x: 5, y: 10, fg: Yellow, bg: Black, underline: Reset, modifier: NONE,
        x: 6, y: 10, fg: White, bg: Black, underline: Reset, modifier: NONE,
        x: 8, y: 10, fg: Cyan, bg: Black, underline: Reset, modifier: NONE,
        x: 16, y: 10, fg: White, bg: Black, underline: Reset, modifier: NONE,
        x: 27, y: 10, fg: Reset, bg: Black, underline: Reset, modifier: NONE,
        x: 74, y: 10, fg: Yellow, bg: Black, underline: Reset, modifier: NONE,
        x: 75, y: 10, fg: Reset, bg: Reset, underline: Reset, modifier: NONE,
        x: 5, y: 11, fg: Yellow, bg: Black, underline: Reset, modifier: NONE,
        x: 6, y: 11, fg: DarkGray, bg: Black, underline: Reset, modifier: NONE,
        x: 26, y: 11, fg: Reset, bg: Black, underline: Reset, modifier: NONE,
        x: 74, y: 11, fg: Yellow, bg: Black, underline: Reset, modifier: NONE,
        x: 75, y: 11, fg: Reset, bg: Reset, underline: Reset, modifier: NONE,
        x: 5, y: 12, fg: Yellow, bg: Black, underline: Reset, modifier: NONE,
        x: 6, y: 12, fg: DarkGray, bg: Black, underline: Reset, modifier: NONE,
        x: 26, y: 12, fg: Reset, bg: Black, underline: Reset, modifier: NONE,
        x: 74, y: 12, fg: Yellow, bg: Black, underline: Reset, modifier: NONE,
        x: 75, y: 12, fg: Reset, bg: Reset, underline: Reset, modifier: NONE,
        x: 5, y: 13, fg: Yellow, bg: Black, underline: Reset, modifier: NONE,
        x: 6, y: 13, fg: Cyan, bg: Black, underline: Reset, modifier: BOLD,
        x: 8, y: 13, fg: Cyan, bg: Black, underline: Reset, modifier: NONE,
        x: 16, y: 13, fg: Cyan, bg: Black, underline: Reset, modifier: BOLD,
        x: 26, y: 13, fg: Reset, bg: Black, underline: Reset, modifier: NONE,
        x: 74, y: 13, fg: Yellow, bg: Black, underline: Reset, modifier: NONE,
        x: 75, y: 13, fg: Reset, bg: Reset, underline: Reset, modifier: NONE,
        x: 5, y: 14, fg: Yellow, bg: Black, underline: Reset, modifier: NONE,
        x: 6, y: 14, fg: DarkGray, bg: Black, underline: Reset, modifier: NONE,
        x: 27, y: 14, fg: Reset, bg: Black, underline: Reset, modifier: NONE,
        x: 74, y: 14, fg: Yellow, bg: Black, underline: Reset, modifier: NONE,
        x: 75, y: 14, fg: Reset, bg: Reset, underline: Reset, modifier: NONE,
        x: 5, y: 15, fg: Yellow, bg: Black, underline: Reset, modifier: NONE,
        x: 6, y: 15, fg: Reset, bg: Black, underline: Reset, modifier: NONE,
        x: 74, y: 15, fg: Yellow, bg: Black, underline: Reset, modifier: NONE,
        x: 75, y: 15, fg: Reset, bg: Reset, underline: Reset, modifier: NONE,
        x: 5, y: 16, fg: Yellow, bg: Black, underline: Reset, modifier: NONE,
        x: 6, y: 16, fg: Reset, bg: Black, underline: Reset, modifier: NONE,
        x: 19, y: 16, fg: Cyan, bg: Black, underline: Reset, modifier: NONE,
        x: 25, y: 16, fg: Reset, bg: Black, underline: Reset, modifier: NONE,
        x: 35, y: 16, fg: Cyan, bg: Black, underline: Reset, modifier: NONE,
        x: 37, y: 16, fg: Reset, bg: Black, underline: Reset, modifier: NONE,
        x: 52, y: 16, fg: Cyan, bg: Black, underline: Reset, modifier: NONE,
        x: 56, y: 16, fg: Reset, bg: Black, underline: Reset, modifier: NONE,
        x: 74, y: 16, fg: Yellow, bg: Black, underline: Reset, modifier: NONE,
        x: 75, y: 16, fg: Reset, bg: Reset, underline: Reset, modifier: NONE,
        x: 5, y: 17, fg: Yellow, bg: Black, underline: Reset, modifier: NONE,
        x: 6, y: 17, fg: Reset, bg: Black, underline: Reset, modifier: NONE,
        x: 74, y: 17, fg: Yellow, bg: Black, underline: Reset, modifier: NONE,
        x: 75, y: 17, fg: Reset, bg: Reset, underline: Reset, modifier: NONE,
        x: 5, y: 18, fg: Yellow, bg: Black, underline: Reset, modifier: NONE,
        x: 75, y: 18, fg: Reset, bg: Reset, underline: Reset, modifier: NONE,
        x: 0, y: 23, fg: White, bg: Blue, underline: Reset, modifier: NONE,
        x: 61, y: 23, fg: White, bg: Blue, underline: Reset, modifier: DIM,
        x: 79, y: 23, fg: White, bg: Blue, underline: Reset, modifier: NONE,
    ]
}
