---
source: tests/tui_split_select.rs
expression: buffer
---
Buffer {
    area: Rect { x: 0, y: 0, width: 80, height: 20 },
    content: [
        "SHA        Title                                                                ",
        "abc123de   Refa┌ Split Commit ──────────────────────────────────┐               ",
        "def456gh   Add │                                                │               ",
        "               │ abc123def4 Refactor parser module              │               ",
        "               │                                                │               ",
        "               │ Choose split strategy:                         │               ",
        "               │                                                │               ",
        "               │     Per file                                   │               ",
        "               │        Create one commit per changed file      │               ",
        "               │                                                │               ",
        "               │     Per hunk                                   │               ",
        "               │        Create one commit per diff hunk         │               ",
        "               │                                                │               ",
        "               │ ▸   Per hunk group                             │               ",
        "               │        Create one commit per hunk group        │               ",
        "               │                                                │               ",
        "               │            Enter Select   Esc Cancel           │               ",
        "               │                                                │               ",
        "               └────────────────────────────────────────────────┘               ",
        " abc123def456 2/2                                                               ",
    ],
    styles: [
        x: 0, y: 0, fg: White, bg: Green, underline: Reset, modifier: NONE,
        x: 0, y: 1, fg: Reset, bg: Reset, underline: Reset, modifier: REVERSED,
        x: 8, y: 1, fg: Reset, bg: Reset, underline: Reset, modifier: NONE,
        x: 11, y: 1, fg: Reset, bg: Reset, underline: Reset, modifier: REVERSED,
        x: 15, y: 1, fg: Cyan, bg: Black, underline: Reset, modifier: NONE,
        x: 65, y: 1, fg: Reset, bg: Reset, underline: Reset, modifier: NONE,
        x: 15, y: 2, fg: Cyan, bg: Black, underline: Reset, modifier: NONE,
        x: 16, y: 2, fg: Reset, bg: Black, underline: Reset, modifier: NONE,
        x: 64, y: 2, fg: Cyan, bg: Black, underline: Reset, modifier: NONE,
        x: 65, y: 2, fg: Reset, bg: Reset, underline: Reset, modifier: NONE,
        x: 15, y: 3, fg: Cyan, bg: Black, underline: Reset, modifier: NONE,
        x: 16, y: 3, fg: White, bg: Black, underline: Reset, modifier: DIM,
        x: 50, y: 3, fg: Reset, bg: Black, underline: Reset, modifier: NONE,
        x: 64, y: 3, fg: Cyan, bg: Black, underline: Reset, modifier: NONE,
        x: 65, y: 3, fg: Reset, bg: Reset, underline: Reset, modifier: NONE,
        x: 15, y: 4, fg: Cyan, bg: Black, underline: Reset, modifier: NONE,
        x: 16, y: 4, fg: Reset, bg: Black, underline: Reset, modifier: NONE,
        x: 64, y: 4, fg: Cyan, bg: Black, underline: Reset, modifier: NONE,
        x: 65, y: 4, fg: Reset, bg: Reset, underline: Reset, modifier: NONE,
        x: 15, y: 5, fg: Cyan, bg: Black, underline: Reset, modifier: NONE,
        x: 16, y: 5, fg: Yellow, bg: Black, underline: Reset, modifier: BOLD,
        x: 39, y: 5, fg: Reset, bg: Black, underline: Reset, modifier: NONE,
        x: 64, y: 5, fg: Cyan, bg: Black, underline: Reset, modifier: NONE,
        x: 65, y: 5, fg: Reset, bg: Reset, underline: Reset, modifier: NONE,
        x: 15, y: 6, fg: Cyan, bg: Black, underline: Reset, modifier: NONE,
        x: 16, y: 6, fg: Reset, bg: Black, underline: Reset, modifier: NONE,
        x: 64, y: 6, fg: Cyan, bg: Black, underline: Reset, modifier: NONE,
        x: 65, y: 6, fg: Reset, bg: Reset, underline: Reset, modifier: NONE,
        x: 15, y: 7, fg: Cyan, bg: Black, underline: Reset, modifier: NONE,
        x: 16, y: 7, fg: White, bg: Black, underline: Reset, modifier: NONE,
        x: 29, y: 7, fg: Reset, bg: Black, underline: Reset, modifier: NONE,
        x: 64, y: 7, fg: Cyan, bg: Black, underline: Reset, modifier: NONE,
        x: 65, y: 7, fg: Reset, bg: Reset, underline: Reset, modifier: NONE,
        x: 15, y: 8, fg: Cyan, bg: Black, underline: Reset, modifier: NONE,
        x: 16, y: 8, fg: DarkGray, bg: Black, underline: Reset, modifier: NONE,
        x: 58, y: 8, fg: Reset, bg: Black, underline: Reset, modifier: NONE,
        x: 64, y: 8, fg: Cyan, bg: Black, underline: Reset, modifier: NONE,
        x: 65, y: 8, fg: Reset, bg: Reset, underline: Reset, modifier: NONE,
        x: 15, y: 9, fg: Cyan, bg: Black, underline: Reset, modifier: NONE,
        x: 16, y: 9, fg: Reset, bg: Black, underline: Reset, modifier: NONE,
        x: 64, y: 9, fg: Cyan, bg: Black, underline: Reset, modifier: NONE,
        x: 65, y: 9, fg: Reset, bg: Reset, underline: Reset, modifier: NONE,
        x: 15, y: 10, fg: Cyan, bg: Black, underline: Reset, modifier: NONE,
        x: 16, y: 10, fg: White, bg: Black, underline: Reset, modifier: NONE,
        x: 29, y: 10, fg: Reset, bg: Black, underline: Reset, modifier: NONE,
        x: 64, y: 10, fg: Cyan, bg: Black, underline: Reset, modifier: NONE,
        x: 65, y: 10, fg: Reset, bg: Reset, underline: Reset, modifier: NONE,
        x: 15, y: 11, fg: Cyan, bg: Black, underline: Reset, modifier: NONE,
        x: 16, y: 11, fg: DarkGray, bg: Black, underline: Reset, modifier: NONE,
        x: 55, y: 11, fg: Reset, bg: Black, underline: Reset, modifier: NONE,
        x: 64, y: 11, fg: Cyan, bg: Black, underline: Reset, modifier: NONE,
        x: 65, y: 11, fg: Reset, bg: Reset, underline: Reset, modifier: NONE,
        x: 15, y: 12, fg: Cyan, bg: Black, underline: Reset, modifier: NONE,
        x: 16, y: 12, fg: Reset, bg: Black, underline: Reset, modifier: NONE,
        x: 64, y: 12, fg: Cyan, bg: Black, underline: Reset, modifier: NONE,
        x: 65, y: 12, fg: Reset, bg: Reset, underline: Reset, modifier: NONE,
        x: 15, y: 13, fg: Cyan, bg: Black, underline: Reset, modifier: NONE,
        x: 16, y: 13, fg: Cyan, bg: Black, underline: Reset, modifier: BOLD,
        x: 35, y: 13, fg: Reset, bg: Black, underline: Reset, modifier: NONE,
        x: 64, y: 13, fg: Cyan, bg: Black, underline: Reset, modifier: NONE,
        x: 65, y: 13, fg: Reset, bg: Reset, underline: Reset, modifier: NONE,
        x: 15, y: 14, fg: Cyan, bg: Black, underline: Reset, modifier: NONE,
        x: 16, y: 14, fg: DarkGray, bg: Black, underline: Reset, modifier: NONE,
        x: 56, y: 14, fg: Reset, bg: Black, underline: Reset, modifier: NONE,
        x: 64, y: 14, fg: Cyan, bg: Black, underline: Reset, modifier: NONE,
        x: 65, y: 14, fg: Reset, bg: Reset, underline: Reset, modifier: NONE,
        x: 15, y: 15, fg: Cyan, bg: Black, underline: Reset, modifier: NONE,
        x: 16, y: 15, fg: Reset, bg: Black, underline: Reset, modifier: NONE,
        x: 64, y: 15, fg: Cyan, bg: Black, underline: Reset, modifier: NONE,
        x: 65, y: 15, fg: Reset, bg: Reset, underline: Reset, modifier: NONE,
        x: 15, y: 16, fg: Cyan, bg: Black, underline: Reset, modifier: NONE,
        x: 16, y: 16, fg: Reset, bg: Black, underline: Reset, modifier: NONE,
        x: 28, y: 16, fg: Cyan, bg: Black, underline: Reset, modifier: NONE,
        x: 34, y: 16, fg: Reset, bg: Black, underline: Reset, modifier: NONE,
        x: 43, y: 16, fg: Cyan, bg: Black, underline: Reset, modifier: NONE,
        x: 47, y: 16, fg: Reset, bg: Black, underline: Reset, modifier: NONE,
        x: 64, y: 16, fg: Cyan, bg: Black, underline: Reset, modifier: NONE,
        x: 65, y: 16, fg: Reset, bg: Reset, underline: Reset, modifier: NONE,
        x: 15, y: 17, fg: Cyan, bg: Black, underline: Reset, modifier: NONE,
        x: 16, y: 17, fg: Reset, bg: Black, underline: Reset, modifier: NONE,
        x: 64, y: 17, fg: Cyan, bg: Black, underline: Reset, modifier: NONE,
        x: 65, y: 17, fg: Reset, bg: Reset, underline: Reset, modifier: NONE,
        x: 15, y: 18, fg: Cyan, bg: Black, underline: Reset, modifier: NONE,
        x: 65, y: 18, fg: Reset, bg: Reset, underline: Reset, modifier: NONE,
        x: 0, y: 19, fg: White, bg: Blue, underline: Reset, modifier: NONE,
    ]
}
