---
source: tests/tui_snapshots.rs
assertion_line: 30
expression: buffer
---
Buffer {
    area: Rect { x: 0, y: 0, width: 80, height: 10 },
    content: [
        "┌Commits───────────────────────────────────────────────────────────────────────┐",
        "│SHA        Title                                                              │",
        "│                                                                              │",
        "│                                                                              │",
        "│                                                                              │",
        "│                                                                              │",
        "│                                                                              │",
        "│                                                                              │",
        "│                                                                              │",
        "└──────────────────────────────────────────────────────────────────────────────┘",
    ],
    styles: [
        x: 0, y: 0, fg: Reset, bg: Reset, underline: Reset, modifier: NONE,
    ]
}
